Last login: Mon Jul 10 15:40:57 on ttys001
mb@mbdeMacBook-Air-2 ~ % git clone git@github.com/Mavinmb/test.git
致命错误：仓库 'git@github.com/Mavinmb/test.git' 不存在
mb@mbdeMacBook-Air-2 ~ % git clone git@github.com/Mavinmb/test.git
致命错误：仓库 'git@github.com/Mavinmb/test.git' 不存在
mb@mbdeMacBook-Air-2 ~ % git clone git@github.com:Mavinmb/test.git
正克隆到 'test'...
remote: Enumerating objects: 3, done.
remote: Counting objects: 100% (3/3), done.
remote: Total 3 (delta 0), reused 0 (delta 0), pack-reused 0
接收对象中: 100% (3/3), 完成.
mb@mbdeMacBook-Air-2 ~ % cd desktop
mb@mbdeMacBook-Air-2 desktop % cd test
mb@mbdeMacBook-Air-2 test % get add .
zsh: command not found: get
mb@mbdeMacBook-Air-2 test % git add .
mb@mbdeMacBook-Air-2 test % git commit -m "First Commit"
[master（根提交） 08ea61e] First Commit
 2 files changed, 8 insertions(+)
 create mode 100644 .DS_Store
 create mode 100644 cx1.rtf
mb@mbdeMacBook-Air-2 test % git push
致命错误：没有配置推送目标。
或通过命令行指定 URL，或用下面命令配置一个远程仓库

    git remote add <名称> <地址>

然后使用该远程仓库名执行推送

    git push <名称>

mb@mbdeMacBook-Air-2 test % git remote add Mavinmb git@github.com:Mavinmb/test.git
mb@mbdeMacBook-Air-2 test % git push Mavinmb master
枚举对象中: 4, 完成.
对象计数中: 100% (4/4), 完成.
使用 8 个线程进行压缩
压缩对象中: 100% (4/4), 完成.
写入对象中: 100% (4/4), 716 字节 | 716.00 KiB/s, 完成.
总共 4（差异 0），复用 0（差异 0），包复用 0
remote: 
remote: Create a pull request for 'master' on GitHub by visiting:
remote:      https://github.com/Mavinmb/test/pull/new/master
remote: 
To github.com:Mavinmb/test.git
 * [new branch]      master -> master
mb@mbdeMacBook-Air-2 test % git remote add Mavinmb git@github.com:Mavinmb/test.git

错误：远程 Mavinmb 已经存在。
mb@mbdeMacBook-Air-2 test % git push
致命错误：当前分支 master 没有对应的上游分支。
为推送当前分支并建立与远程上游的跟踪，使用

    git push --set-upstream Mavinmb master

为了让没有追踪上游的分支自动配置，参见 'git help config' 中的 push.autoSetupRemote。

mb@mbdeMacBook-Air-2 test % git push Mavinmb master
Everything up-to-date
mb@mbdeMacBook-Air-2 test % git add .
mb@mbdeMacBook-Air-2 test % git commit
提示：等待您的编辑器关闭文件... 
为您的变更输入提交说明。以 '#' 开始的行将被忽略，而一个空的提交        
# 说明将会终止提交。
#
# 位于分支 master
# 要提交的变更：
#       删除：     cx1.rtf
#       新文件：   "\344\270\226\347\225\214\346\234\253\346\227\245.txt"


删左就删左咯



#
~                                                                               
~                                                                               
~                                                                               
~                                                                               
~                                                                               
~                                                                               
~                                                                               
~                                                                               
~                                                                               

